[00:28:33] [Server thread/WARN]: Can't keep up! Is the server overloaded? Running 2155ms or 43 ticks behind
[00:29:01] [Server thread/INFO]: Unknown or incomplete command, see below for error
[00:29:01] [Server thread/INFO]: STOP<--[HERE]
[00:29:03] [Server thread/INFO]: Stopping the server
[00:29:03] [Server thread/INFO]: Server stopping, saving all player progress data
[00:29:03] [Server thread/INFO]: Stopping server
[00:29:03] [Server thread/INFO]: Saving players
[00:29:03] [Server thread/INFO]: R31B4J lost connection: Server closed
[00:29:03] [Netty Epoll Server IO #5/INFO]: Player R31B4J disconnected, saving their progress data
[00:29:03] [Server thread/INFO]: R31B4J left the game
[00:29:03] [Server thread/INFO]: Unregistered trainer player: R31B4J
[00:29:03] [Netty Epoll Server IO #5/INFO]: Saved shrine progress for player R31B4J in world world_1156522172
[00:29:03] [Server thread/INFO]: Saving worlds
[00:29:03] [Server thread/INFO]: Saving chunks for level 'ServerLevel[world]'/minecraft:overworld
[00:29:04] [Server thread/INFO]: Saving chunks for level 'ServerLevel[world]'/minecraft:the_end
[00:29:04] [Server thread/INFO]: Saving chunks for level 'ServerLevel[world]'/minecraft:the_nether
[00:29:04] [Server thread/INFO]: Saving chunks for level 'ServerLevel[world]'/legendarymonuments:distortion_world
[00:29:04] [Server thread/INFO]: Saving chunks for level 'ServerLevel[world]'/lumymon:nightmare
[00:29:04] [Server thread/INFO]: Saving chunks for level 'ServerLevel[world]'/lumymon:origin
[00:29:04] [Server thread/INFO]: Saving chunks for level 'ServerLevel[world]'/cobblemonraiddens:raid_dimension
[00:29:04] [Server thread/INFO]: ThreadedAnvilChunkStorage (world): All chunks are saved
[00:29:04] [Server thread/INFO]: ThreadedAnvilChunkStorage (DIM1): All chunks are saved
[00:29:04] [Server thread/INFO]: ThreadedAnvilChunkStorage (DIM-1): All chunks are saved
[00:29:04] [Server thread/INFO]: ThreadedAnvilChunkStorage (distortion_world): All chunks are saved
[00:29:04] [Server thread/INFO]: ThreadedAnvilChunkStorage (nightmare): All chunks are saved
[00:29:04] [Server thread/INFO]: ThreadedAnvilChunkStorage (origin): All chunks are saved
[00:29:04] [Server thread/INFO]: ThreadedAnvilChunkStorage (raid_dimension): All chunks are saved
[00:29:04] [Server thread/INFO]: ThreadedAnvilChunkStorage: All dimensions are saved
[00:29:04] [Server thread/INFO]: Discarded config watch service
